{
  "filters_used": [
    {
      "path": "detect_secrets.filters.allowlist.is_line_allowlisted"
    },
    {
      "filename": ".secrets.baseline",
      "path": "detect_secrets.filters.common.is_baseline_file"
    },
    {
      "min_level": 2,
      "path": "detect_secrets.filters.common.is_ignored_due_to_verification_policies"
    },
    {
      "path": "detect_secrets.filters.heuristic.is_indirect_reference"
    },
    {
      "path": "detect_secrets.filters.heuristic.is_likely_id_string"
    },
    {
      "path": "detect_secrets.filters.heuristic.is_lock_file"
    },
    {
      "path": "detect_secrets.filters.heuristic.is_not_alphanumeric_string"
    },
    {
      "path": "detect_secrets.filters.heuristic.is_potential_uuid"
    },
    {
      "path": "detect_secrets.filters.heuristic.is_prefixed_with_dollar_sign"
    },
    {
      "path": "detect_secrets.filters.heuristic.is_sequential_string"
    },
    {
      "path": "detect_secrets.filters.heuristic.is_swagger_file"
    },
    {
      "path": "detect_secrets.filters.heuristic.is_templated_secret"
    },
    {
      "path": "detect_secrets.filters.regex.should_exclude_file",
      "pattern": [
        "__pycache__",
        "\\.venv",
        "node_modules",
        "\\.git",
        "test-fixtures/",
        "fixtures/"
      ]
    }
  ],
  "generated_at": "2026-07-27T01:01:47Z",
  "plugins_used": [
    {
      "name": "ArtifactoryDetector"
    },
    {
      "name": "AWSKeyDetector"
    },
    {
      "name": "AzureStorageKeyDetector"
    },
    {
      "limit": 4.5,
      "name": "Base64HighEntropyString"
    },
    {
      "name": "BasicAuthDetector"
    },
    {
      "name": "CloudantDetector"
    },
    {
      "name": "DiscordBotTokenDetector"
    },
    {
      "name": "GitHubTokenDetector"
    },
    {
      "name": "GitLabTokenDetector"
    },
    {
      "limit": 3.0,
      "name": "HexHighEntropyString"
    },
    {
      "name": "IbmCloudIamDetector"
    },
    {
      "name": "IbmCosHmacDetector"
    },
    {
      "name": "IPPublicDetector"
    },
    {
      "name": "JwtTokenDetector"
    },
    {
      "keyword_exclude": "",
      "name": "KeywordDetector"
    },
    {
      "name": "MailchimpDetector"
    },
    {
      "name": "NpmDetector"
    },
    {
      "name": "OpenAIDetector"
    },
    {
      "name": "PrivateKeyDetector"
    },
    {
      "name": "PypiTokenDetector"
    },
    {
      "name": "SendGridDetector"
    },
    {
      "name": "SlackDetector"
    },
    {
      "name": "SoftlayerDetector"
    },
    {
      "name": "SquareOAuthDetector"
    },
    {
      "name": "StripeDetector"
    },
    {
      "name": "TelegramBotTokenDetector"
    },
    {
      "name": "TwilioKeyDetector"
    }
  ],
  "results": {
    "docs/seguridad/02-frontend.md": [
      {
        "filename": "docs/seguridad/02-frontend.md",
        "hashed_secret": "caeb96947f4d69e57904c8fd4432dad809977c21",
        "is_secret": false,
        "is_verified": false,
        "line_number": 387,
        "type": "Hex High Entropy String"
      }
    ],
    "docs/seguridad/04-infra-gcp.md": [
      {
        "filename": "docs/seguridad/04-infra-gcp.md",
        "hashed_secret": "74a992ea0e01d0ba797467f949f3c4910ffa5021",
        "is_secret": false,
        "is_verified": false,
        "line_number": 234,
        "type": "Secret Keyword"
      },
      {
        "filename": "docs/seguridad/04-infra-gcp.md",
        "hashed_secret": "9469b0e399adfaaf7e71923d7a93ee1f7cc15eab",
        "is_secret": false,
        "is_verified": false,
        "line_number": 235,
        "type": "Secret Keyword"
      },
      {
        "filename": "docs/seguridad/04-infra-gcp.md",
        "hashed_secret": "60ff511fac5da257f01c4ace2a357dd3b836aefd",
        "is_secret": false,
        "is_verified": false,
        "line_number": 236,
        "type": "Secret Keyword"
      },
      {
        "filename": "docs/seguridad/04-infra-gcp.md",
        "hashed_secret": "9f9f9e530c669033d30dc102cbcc1ea8ce0190bc",
        "is_secret": false,
        "is_verified": false,
        "line_number": 237,
        "type": "Secret Keyword"
      }
    ],
    "docs/seguridad/07-incident-response.md": [
      {
        "filename": "docs/seguridad/07-incident-response.md",
        "hashed_secret": "a845cb5d9bf2de2983c004e6d8e911fe27e5e304",
        "is_secret": false,
        "is_verified": false,
        "line_number": 14,
        "type": "Secret Keyword"
      }
    ],
    "docs/seguridad/08-auditoria-actual.md": [
      {
        "filename": "docs/seguridad/08-auditoria-actual.md",
        "hashed_secret": "caeb96947f4d69e57904c8fd4432dad809977c21",
        "is_secret": false,
        "is_verified": false,
        "line_number": 89,
        "type": "Hex High Entropy String"
      }
    ],
    "docs/seguridad/batch-4/coverage.json": [
      {
        "filename": "docs/seguridad/batch-4/coverage.json",
        "hashed_secret": "5a16b2adbf55cc0f263b494ad29f242272607db7",
        "is_secret": false,
        "is_verified": false,
        "line_number": 83,
        "type": "Secret Keyword"
      }
    ],
    "docs/seguridad/batch-5/scan-meta.json": [
      {
        "filename": "docs/seguridad/batch-5/scan-meta.json",
        "hashed_secret": "8718e6bf709c3e2b0f4bd0d75ab46d145965720c",
        "is_secret": false,
        "is_verified": false,
        "line_number": 6,
        "type": "Hex High Entropy String"
      }
    ],
    "docs/seguridad/batch-6/findings.json": [
      {
        "filename": "docs/seguridad/batch-6/findings.json",
        "hashed_secret": "c6cf4d0bbb9fb73fb89afea9ae8187f63f915d51",
        "is_secret": false,
        "is_verified": false,
        "line_number": 202,
        "type": "Hex High Entropy String"
      },
      {
        "filename": "docs/seguridad/batch-6/findings.json",
        "hashed_secret": "caeb96947f4d69e57904c8fd4432dad809977c21",
        "is_secret": false,
        "is_verified": false,
        "line_number": 666,
        "type": "Hex High Entropy String"
      }
    ],
    "docs/seguridad/batch-6/scan-meta.json": [
      {
        "filename": "docs/seguridad/batch-6/scan-meta.json",
        "hashed_secret": "8718e6bf709c3e2b0f4bd0d75ab46d145965720c",
        "is_secret": false,
        "is_verified": false,
        "line_number": 6,
        "type": "Hex High Entropy String"
      }
    ],
    "docs/seguridad/batch-7/findings.json": [
      {
        "filename": "docs/seguridad/batch-7/findings.json",
        "hashed_secret": "caeb96947f4d69e57904c8fd4432dad809977c21",
        "is_secret": false,
        "is_verified": false,
        "line_number": 632,
        "type": "Hex High Entropy String"
      }
    ],
    "docs/seguridad/batch-7/scan-meta.json": [
      {
        "filename": "docs/seguridad/batch-7/scan-meta.json",
        "hashed_secret": "3d4c33ac684ef495829ca36d21af8fb6667609a5",
        "is_secret": false,
        "is_verified": false,
        "line_number": 6,
        "type": "Hex High Entropy String"
      }
    ],
    "docs/seguridad/batch-8/findings.json": [
      {
        "filename": "docs/seguridad/batch-8/findings.json",
        "hashed_secret": "caeb96947f4d69e57904c8fd4432dad809977c21",
        "is_secret": false,
        "is_verified": false,
        "line_number": 500,
        "type": "Hex High Entropy String"
      }
    ],
    "docs/seguridad/batch-8/scan-meta.json": [
      {
        "filename": "docs/seguridad/batch-8/scan-meta.json",
        "hashed_secret": "3d4c33ac684ef495829ca36d21af8fb6667609a5",
        "is_secret": false,
        "is_verified": false,
        "line_number": 6,
        "type": "Hex High Entropy String"
      }
    ],
    "docs/seguridad/plan-fixes.md": [
      {
        "filename": "docs/seguridad/plan-fixes.md",
        "hashed_secret": "caeb96947f4d69e57904c8fd4432dad809977c21",
        "is_secret": false,
        "is_verified": false,
        "line_number": 1109,
        "type": "Hex High Entropy String"
      },
      {
        "filename": "docs/seguridad/plan-fixes.md",
        "hashed_secret": "262fd32fb0638e9ec7d38a0ac18dcbe407b4ef77",
        "is_secret": false,
        "is_verified": false,
        "line_number": 1361,
        "type": "Secret Keyword"
      }
    ]
  },
  "version": "1.5.0"
}
